Part 1: 2041
Part 2:   #### ###  #### ###  #  # #### #### ###
             # #  #    # #  # # #  #       # #  #
            #  #  #   #  #  # ##   ###    #  #  #
           #   ###   #   ###  # #  #     #   ###
          #    # #  #    #    # #  #    #    # #
         #### #  # #### #    #  # #### #### #  #
