Part 1: 1920
Part 2: ###   ##  #  # #     ##
        #  # #  # #  # #    #  #
        #  # #    #  # #    #  #
        ###  #    #  # #    ####
        #    #  # #  # #    #  #
        #     ##   ##  #### #  #
