Part 1: 1685
Part 2: ntft,nhx,kfxr,xmhsbd,rrjb,xzhxj,chbtp,cqvc
